Category: 📺央视频道, Name: CCTV-2, Total: 8, Valid: 8, Valid Percent: 100.00%, Whitelist: 0, IPv4: 8, IPv6: 0, Min Delay: 310 ms, Max Speed: 6.49 M/s, Avg Speed: 4.70 M/s, Max Resolution: 1280x720
Category: 📺央视频道, Name: CCTV-3, Total: 6, Valid: 6, Valid Percent: 100.00%, Whitelist: 0, IPv4: 6, IPv6: 0, Min Delay: 320 ms, Max Speed: 9.26 M/s, Avg Speed: 5.52 M/s, Max Resolution: 1920x1080
Category: 📺央视频道, Name: CCTV-4, Total: 6, Valid: 6, Valid Percent: 100.00%, Whitelist: 0, IPv4: 6, IPv6: 0, Min Delay: 310 ms, Max Speed: 9.26 M/s, Avg Speed: 3.78 M/s, Max Resolution: 1920x1080
Category: 📺央视频道, Name: CCTV-5, Total: 10, Valid: 10, Valid Percent: 100.00%, Whitelist: 0, IPv4: 10, IPv6: 0, Min Delay: 310 ms, Max Speed: 9.26 M/s, Avg Speed: 2.89 M/s, Max Resolution: 1920x1080
Category: 📺央视频道, Name: CCTV-5+, Total: 5, Valid: 5, Valid Percent: 100.00%, Whitelist: 0, IPv4: 5, IPv6: 0, Min Delay: 320 ms, Max Speed: 9.26 M/s, Avg Speed: 3.23 M/s, Max Resolution: 1920x1080
Category: 📺央视频道, Name: CCTV-6, Total: 7, Valid: 7, Valid Percent: 100.00%, Whitelist: 0, IPv4: 7, IPv6: 0, Min Delay: 310 ms, Max Speed: 9.26 M/s, Avg Speed: 3.95 M/s, Max Resolution: 1920x1080
Category: 📺央视频道, Name: CCTV-7, Total: 9, Valid: 9, Valid Percent: 100.00%, Whitelist: 0, IPv4: 9, IPv6: 0, Min Delay: 310 ms, Max Speed: 9.26 M/s, Avg Speed: 3.14 M/s, Max Resolution: 1920x1080
Category: 📺央视频道, Name: CCTV-8, Total: 12, Valid: 12, Valid Percent: 100.00%, Whitelist: 0, IPv4: 12, IPv6: 0, Min Delay: 37 ms, Max Speed: 142.38 M/s, Avg Speed: 26.65 M/s, Max Resolution: 1920x1080
Category: 📺央视频道, Name: CCTV-9, Total: 12, Valid: 12, Valid Percent: 100.00%, Whitelist: 0, IPv4: 12, IPv6: 0, Min Delay: 37 ms, Max Speed: 142.38 M/s, Avg Speed: 15.05 M/s, Max Resolution: 1920x1080
Category: 📺央视频道, Name: CCTV-10, Total: 16, Valid: 16, Valid Percent: 100.00%, Whitelist: 0, IPv4: 16, IPv6: 0, Min Delay: 37 ms, Max Speed: 142.38 M/s, Avg Speed: 10.84 M/s, Max Resolution: 1920x1080
Category: 📺央视频道, Name: CCTV-11, Total: 12, Valid: 12, Valid Percent: 100.00%, Whitelist: 0, IPv4: 12, IPv6: 0, Min Delay: 37 ms, Max Speed: 142.38 M/s, Avg Speed: 14.81 M/s, Max Resolution: 1920x1080
Category: 📺央视频道, Name: CCTV-12, Total: 12, Valid: 12, Valid Percent: 100.00%, Whitelist: 0, IPv4: 12, IPv6: 0, Min Delay: 37 ms, Max Speed: 142.38 M/s, Avg Speed: 14.81 M/s, Max Resolution: 1920x1080
Category: 📺央视频道, Name: CCTV-13, Total: 10, Valid: 10, Valid Percent: 100.00%, Whitelist: 0, IPv4: 10, IPv6: 0, Min Delay: 37 ms, Max Speed: 142.38 M/s, Avg Speed: 17.09 M/s, Max Resolution: 1920x1080
Category: 📺央视频道, Name: CCTV-14, Total: 14, Valid: 14, Valid Percent: 100.00%, Whitelist: 0, IPv4: 12, IPv6: 2, Min Delay: 37 ms, Max Speed: 142.38 M/s, Avg Speed: 12.81 M/s, Max Resolution: 1920x1080
Category: 📺央视频道, Name: CCTV-15, Total: 12, Valid: 12, Valid Percent: 100.00%, Whitelist: 0, IPv4: 12, IPv6: 0, Min Delay: 37 ms, Max Speed: 142.38 M/s, Avg Speed: 14.81 M/s, Max Resolution: 1920x1080
Category: 📺央视频道, Name: CCTV-16, Total: 12, Valid: 12, Valid Percent: 100.00%, Whitelist: 0, IPv4: 12, IPv6: 0, Min Delay: 37 ms, Max Speed: 142.38 M/s, Avg Speed: 14.96 M/s, Max Resolution: 1920x1080
Category: 📺央视频道, Name: CCTV-17, Total: 12, Valid: 12, Valid Percent: 100.00%, Whitelist: 0, IPv4: 12, IPv6: 0, Min Delay: 37 ms, Max Speed: 142.38 M/s, Avg Speed: 14.81 M/s, Max Resolution: 1920x1080
Category: 📡卫视频道, Name: 广东卫视, Total: 8, Valid: 8, Valid Percent: 100.00%, Whitelist: 0, IPv4: 8, IPv6: 0, Min Delay: 37 ms, Max Speed: 142.38 M/s, Avg Speed: 21.64 M/s, Max Resolution: 1920x1080
Category: 📡卫视频道, Name: 浙江卫视, Total: 10, Valid: 10, Valid Percent: 100.00%, Whitelist: 0, IPv4: 8, IPv6: 2, Min Delay: 37 ms, Max Speed: 142.38 M/s, Avg Speed: 17.39 M/s, Max Resolution: 1920x1080
Category: 📡卫视频道, Name: 湖南卫视, Total: 17, Valid: 17, Valid Percent: 100.00%, Whitelist: 0, IPv4: 17, IPv6: 0, Min Delay: 6 ms, Max Speed: 142.38 M/s, Avg Speed: 12.47 M/s, Max Resolution: 3840x2160
Category: 📡卫视频道, Name: 北京卫视, Total: 10, Valid: 10, Valid Percent: 100.00%, Whitelist: 0, IPv4: 10, IPv6: 0, Min Delay: 6 ms, Max Speed: 142.38 M/s, Avg Speed: 19.00 M/s, Max Resolution: 1920x1080
Category: 📡卫视频道, Name: 湖北卫视, Total: 10, Valid: 10, Valid Percent: 100.00%, Whitelist: 0, IPv4: 10, IPv6: 0, Min Delay: 6 ms, Max Speed: 142.38 M/s, Avg Speed: 17.89 M/s, Max Resolution: 1920x1080
Category: 📡卫视频道, Name: 黑龙江卫视, Total: 9, Valid: 9, Valid Percent: 100.00%, Whitelist: 0, IPv4: 9, IPv6: 0, Min Delay: 6 ms, Max Speed: 142.38 M/s, Avg Speed: 19.88 M/s, Max Resolution: 1920x1080
Category: 📡卫视频道, Name: 安徽卫视, Total: 11, Valid: 11, Valid Percent: 100.00%, Whitelist: 0, IPv4: 11, IPv6: 0, Min Delay: 37 ms, Max Speed: 142.38 M/s, Avg Speed: 15.81 M/s, Max Resolution: 1920x1080
Category: 📡卫视频道, Name: 重庆卫视, Total: 9, Valid: 9, Valid Percent: 100.00%, Whitelist: 0, IPv4: 9, IPv6: 0, Min Delay: 6 ms, Max Speed: 142.38 M/s, Avg Speed: 19.88 M/s, Max Resolution: 1920x1080
Category: 📡卫视频道, Name: 东方卫视, Total: 11, Valid: 11, Valid Percent: 100.00%, Whitelist: 0, IPv4: 11, IPv6: 0, Min Delay: 37 ms, Max Speed: 142.38 M/s, Avg Speed: 16.38 M/s, Max Resolution: 1920x1080
Category: 📡卫视频道, Name: 东南卫视, Total: 8, Valid: 8, Valid Percent: 100.00%, Whitelist: 0, IPv4: 8, IPv6: 0, Min Delay: 37 ms, Max Speed: 142.38 M/s, Avg Speed: 20.27 M/s, Max Resolution: 1920x1080
Category: 📡卫视频道, Name: 甘肃卫视, Total: 5, Valid: 5, Valid Percent: 100.00%, Whitelist: 0, IPv4: 5, IPv6: 0, Min Delay: 37 ms, Max Speed: 142.38 M/s, Avg Speed: 29.83 M/s, Max Resolution: 1920x1080
Category: 📡卫视频道, Name: 广西卫视, Total: 7, Valid: 6, Valid Percent: 85.71%, Whitelist: 0, IPv4: 7, IPv6: 0, Min Delay: 37 ms, Max Speed: 142.38 M/s, Avg Speed: 26.94 M/s, Max Resolution: 1920x1080
Category: 📡卫视频道, Name: 贵州卫视, Total: 9, Valid: 9, Valid Percent: 100.00%, Whitelist: 0, IPv4: 9, IPv6: 0, Min Delay: 37 ms, Max Speed: 142.38 M/s, Avg Speed: 18.05 M/s, Max Resolution: 1920x1080
Category: 📡卫视频道, Name: 海南卫视, Total: 5, Valid: 5, Valid Percent: 100.00%, Whitelist: 0, IPv4: 5, IPv6: 0, Min Delay: 6 ms, Max Speed: 142.38 M/s, Avg Speed: 32.42 M/s, Max Resolution: 1920x1080
Category: 📡卫视频道, Name: 河北卫视, Total: 13, Valid: 13, Valid Percent: 100.00%, Whitelist: 0, IPv4: 13, IPv6: 0, Min Delay: 6 ms, Max Speed: 142.38 M/s, Avg Speed: 14.16 M/s, Max Resolution: 1920x1080
Category: 📡卫视频道, Name: 河南卫视, Total: 11, Valid: 11, Valid Percent: 100.00%, Whitelist: 0, IPv4: 11, IPv6: 0, Min Delay: 37 ms, Max Speed: 142.38 M/s, Avg Speed: 15.81 M/s, Max Resolution: 1920x1080
Category: 📡卫视频道, Name: 吉林卫视, Total: 8, Valid: 8, Valid Percent: 100.00%, Whitelist: 0, IPv4: 8, IPv6: 0, Min Delay: 37 ms, Max Speed: 142.38 M/s, Avg Speed: 20.31 M/s, Max Resolution: 1920x1080
Category: 📡卫视频道, Name: 江苏卫视, Total: 12, Valid: 12, Valid Percent: 100.00%, Whitelist: 0, IPv4: 12, IPv6: 0, Min Delay: 37 ms, Max Speed: 142.38 M/s, Avg Speed: 14.75 M/s, Max Resolution: 1920x1080
Category: 📡卫视频道, Name: 江西卫视, Total: 9, Valid: 9, Valid Percent: 100.00%, Whitelist: 0, IPv4: 9, IPv6: 0, Min Delay: 6 ms, Max Speed: 142.38 M/s, Avg Speed: 19.88 M/s, Max Resolution: 1920x1080
Category: 📡卫视频道, Name: 辽宁卫视, Total: 9, Valid: 9, Valid Percent: 100.00%, Whitelist: 0, IPv4: 9, IPv6: 0, Min Delay: 37 ms, Max Speed: 142.38 M/s, Avg Speed: 18.05 M/s, Max Resolution: 1920x1080
Category: 📡卫视频道, Name: 内蒙古卫视, Total: 12, Valid: 12, Valid Percent: 100.00%, Whitelist: 0, IPv4: 10, IPv6: 2, Min Delay: 6 ms, Max Speed: 142.38 M/s, Avg Speed: 15.13 M/s, Max Resolution: 1920x1080
Category: 📡卫视频道, Name: 宁夏卫视, Total: 7, Valid: 7, Valid Percent: 100.00%, Whitelist: 0, IPv4: 7, IPv6: 0, Min Delay: 37 ms, Max Speed: 142.38 M/s, Avg Speed: 23.14 M/s, Max Resolution: 1920x1080
Category: 📡卫视频道, Name: 青海卫视, Total: 11, Valid: 11, Valid Percent: 100.00%, Whitelist: 0, IPv4: 9, IPv6: 2, Min Delay: 6 ms, Max Speed: 142.38 M/s, Avg Speed: 16.42 M/s, Max Resolution: 1920x1080
Category: 📡卫视频道, Name: 山东卫视, Total: 10, Valid: 10, Valid Percent: 100.00%, Whitelist: 0, IPv4: 10, IPv6: 0, Min Delay: 37 ms, Max Speed: 142.38 M/s, Avg Speed: 16.75 M/s, Max Resolution: 1920x1080
Category: 📡卫视频道, Name: 山西卫视, Total: 8, Valid: 8, Valid Percent: 100.00%, Whitelist: 0, IPv4: 8, IPv6: 0, Min Delay: 6 ms, Max Speed: 142.38 M/s, Avg Speed: 22.30 M/s, Max Resolution: 1920x1080
Category: 📡卫视频道, Name: 陕西卫视, Total: 9, Valid: 9, Valid Percent: 100.00%, Whitelist: 0, IPv4: 9, IPv6: 0, Min Delay: 6 ms, Max Speed: 142.38 M/s, Avg Speed: 19.88 M/s, Max Resolution: 1920x1080
Category: 📡卫视频道, Name: 四川卫视, Total: 11, Valid: 11, Valid Percent: 100.00%, Whitelist: 0, IPv4: 11, IPv6: 0, Min Delay: 6 ms, Max Speed: 142.38 M/s, Avg Speed: 16.27 M/s, Max Resolution: 1920x1080
Category: 📡卫视频道, Name: 深圳卫视, Total: 12, Valid: 12, Valid Percent: 100.00%, Whitelist: 0, IPv4: 12, IPv6: 0, Min Delay: 37 ms, Max Speed: 142.38 M/s, Avg Speed: 14.50 M/s, Max Resolution: 1920x1080
Category: 📡卫视频道, Name: 三沙卫视, Total: 6, Valid: 6, Valid Percent: 100.00%, Whitelist: 0, IPv4: 6, IPv6: 0, Min Delay: 37 ms, Max Speed: 142.38 M/s, Avg Speed: 26.64 M/s, Max Resolution: 1920x1080
Category: 📡卫视频道, Name: 天津卫视, Total: 9, Valid: 9, Valid Percent: 100.00%, Whitelist: 0, IPv4: 9, IPv6: 0, Min Delay: 37 ms, Max Speed: 142.38 M/s, Avg Speed: 18.57 M/s, Max Resolution: 1920x1080
Category: 📡卫视频道, Name: 西藏卫视, Total: 8, Valid: 8, Valid Percent: 100.00%, Whitelist: 0, IPv4: 8, IPv6: 0, Min Delay: 6 ms, Max Speed: 142.38 M/s, Avg Speed: 22.26 M/s, Max Resolution: 1920x1080
Category: 📡卫视频道, Name: 新疆卫视, Total: 10, Valid: 10, Valid Percent: 100.00%, Whitelist: 0, IPv4: 10, IPv6: 0, Min Delay: 6 ms, Max Speed: 142.38 M/s, Avg Speed: 17.89 M/s, Max Resolution: 1920x1080
Category: 📡卫视频道, Name: 云南卫视, Total: 11, Valid: 11, Valid Percent: 100.00%, Whitelist: 0, IPv4: 11, IPv6: 0, Min Delay: 37 ms, Max Speed: 142.38 M/s, Avg Speed: 14.83 M/s, Max Resolution: 1920x1080
